START
Iteration   norm (x-soln)   norm r  
=========   =============   ======= 
    0                         64.0                   14.966253
    1                    40.106102                  0.12825203
    2                    21.088417                 6.437267e-2
    3                    3.8482208                2.5007684e-2
    4                   5.54903e-2                 5.619102e-4
    5                 1.0541216e-2                4.8286318e-5
    6                  5.737256e-3                 1.840288e-5
    7                  7.420424e-4                3.5927474e-6
    8                 1.7958238e-6                7.7341745e-8
    9                  4.424518e-8                1.3632239e-9
   10                 2.1472442e-8                5.905742e-11
   11                 4.4141792e-9               2.2390121e-11
   12                3.7367442e-11               1.6282008e-12
   13                 7.865708e-12               2.6909485e-14


END