281474976710655
-4294967295
1048575
-4095
281474976710655
-4294967295
1048575
-4095
